- Microsoft Windows [版本 10.0.16299.15]
  (c) 2017 Microsoft Corporation。保留所有权利。

  C:\Users\Administrator>net start mysql80
  请求的服务已经启动。

  请键入 NET HELPMSG 2182 以获得更多的帮助。


  C:\Users\Administrator>mysql -u root -p
  Enter password: ***************
  Welcome to the MySQL monitor.  Commands end with ; or \g.
  Your MySQL connection id is 46
  Server version: 8.0.12 MySQL Community Server - GPL

  Copyright (c) 2000, 2018, Oracle and/or its affiliates. All rights reserved.

  Oracle is a registered trademark of Oracle Corporation and/or its
  affiliates. Other names may be trademarks of their respective
  owners.

  Type 'help;' or '\h' for help. Type '\c' to clear the current input statement.

  mysql> use shidonglei3;
  Database changed
  mysql> select * from jobs;
  +------------+---------------------------------+------------+------------+
  | JOB_ID     | JOB_TITLE                       | MIN_SALARY | MAX_SALARY |
  +------------+---------------------------------+------------+------------+
  | AD_PRES    | President                       | 20080      | 40000      |
  | AD_VP      | Administration Vice President   | 15000      | 30000      |
  | AD_ASST    | Administration Assistant        | 3000       | 6000       |
  | FI_MGR     | Finance Manager                 | 8200       | 16000      |
  | FI_ACCOUNT | Accountant                      | 4200       | 9000       |
  | AC_MGR     | Accounting Manager              | 8200       | 16000      |
  | AC_ACCOUNT | Public Accountant               | 4200       | 9000       |
  | SA_MAN     | Sales Manager                   | 10000      | 20080      |
  | SA_REP     | Sales Representative            | 6000       | 12008      |
  | PU_MAN     | Purchasing Manager              | 8000       | 15000      |
  | PU_CLERK   | Purchasing Clerk                | 2500       | 5500       |
  | ST_MAN     | Stock Manager                   | 5500       | 8500       |
  | ST_CLERK   | Stock Clerk                     | 2008       | 5000       |
  | SH_CLERK   | Shipping Clerk                  | 2500       | 5500       |
  | IT_PROG    | Programmer                      | 4000       | 10000      |
  | MK_MAN     | Marketing Manager               | 9000       | 15000      |
  | MK_REP     | Marketing Representative        | 4000       | 9000       |
  | HR_REP     | Human Resources Representative  | 4000       | 9000       |
  | PR_REP     | Public Relations Representative | 4500       | 10500      |
  +------------+---------------------------------+------------+------------+
  19 rows in set (0.00 sec)

  mysql> select min_salary,count(min_salary) from jobs group by min_salary;
  +------------+-------------------+
  | min_salary | count(min_salary) |
  +------------+-------------------+
  | 20080      |                 1 |
  | 15000      |                 1 |
  | 3000       |                 1 |
  | 8200       |                 2 |
  | 4200       |                 2 |
  | 10000      |                 1 |
  | 6000       |                 1 |
  | 8000       |                 1 |
  | 2500       |                 2 |
  | 5500       |                 1 |
  | 2008       |                 1 |
  | 4000       |                 3 |
  | 9000       |                 1 |
  | 4500       |                 1 |
  +------------+-------------------+
  14 rows in set (0.00 sec)

  mysql> select min_salary from jobs;
  +------------+
  | min_salary |
  +------------+
  | 20080      |
  | 15000      |
  | 3000       |
  | 8200       |
  | 4200       |
  | 8200       |
  | 4200       |
  | 10000      |
  | 6000       |
  | 8000       |
  | 2500       |
  | 5500       |
  | 2008       |
  | 2500       |
  | 4000       |
  | 9000       |
  | 4000       |
  | 4000       |
  | 4500       |
  +------------+
  19 rows in set (0.00 sec)

  mysql> select * from jobs;
  +------------+---------------------------------+------------+------------+
  | JOB_ID     | JOB_TITLE                       | MIN_SALARY | MAX_SALARY |
  +------------+---------------------------------+------------+------------+
  | AD_PRES    | President                       | 20080      | 40000      |
  | AD_VP      | Administration Vice President   | 15000      | 30000      |
  | AD_ASST    | Administration Assistant        | 3000       | 6000       |
  | FI_MGR     | Finance Manager                 | 8200       | 16000      |
  | FI_ACCOUNT | Accountant                      | 4200       | 9000       |
  | AC_MGR     | Accounting Manager              | 8200       | 16000      |
  | AC_ACCOUNT | Public Accountant               | 4200       | 9000       |
  | SA_MAN     | Sales Manager                   | 10000      | 20080      |
  | SA_REP     | Sales Representative            | 6000       | 12008      |
  | PU_MAN     | Purchasing Manager              | 8000       | 15000      |
  | PU_CLERK   | Purchasing Clerk                | 2500       | 5500       |
  | ST_MAN     | Stock Manager                   | 5500       | 8500       |
  | ST_CLERK   | Stock Clerk                     | 2008       | 5000       |
  | SH_CLERK   | Shipping Clerk                  | 2500       | 5500       |
  | IT_PROG    | Programmer                      | 4000       | 10000      |
  | MK_MAN     | Marketing Manager               | 9000       | 15000      |
  | MK_REP     | Marketing Representative        | 4000       | 9000       |
  | HR_REP     | Human Resources Representative  | 4000       | 9000       |
  | PR_REP     | Public Relations Representative | 4500       | 10500      |
  +------------+---------------------------------+------------+------------+
  19 rows in set (0.00 sec)

  mysql> select * from jobs where min_salary>5500 order by jobs;
  ERROR 1054 (42S22): Unknown column 'jobs' in 'order clause'
  mysql> select * from jobs order by min_salary;
  +------------+---------------------------------+------------+------------+
  | JOB_ID     | JOB_TITLE                       | MIN_SALARY | MAX_SALARY |
  +------------+---------------------------------+------------+------------+
  | SA_MAN     | Sales Manager                   | 10000      | 20080      |
  | AD_VP      | Administration Vice President   | 15000      | 30000      |
  | ST_CLERK   | Stock Clerk                     | 2008       | 5000       |
  | AD_PRES    | President                       | 20080      | 40000      |
  | PU_CLERK   | Purchasing Clerk                | 2500       | 5500       |
  | SH_CLERK   | Shipping Clerk                  | 2500       | 5500       |
  | AD_ASST    | Administration Assistant        | 3000       | 6000       |
  | IT_PROG    | Programmer                      | 4000       | 10000      |
  | MK_REP     | Marketing Representative        | 4000       | 9000       |
  | HR_REP     | Human Resources Representative  | 4000       | 9000       |
  | FI_ACCOUNT | Accountant                      | 4200       | 9000       |
  | AC_ACCOUNT | Public Accountant               | 4200       | 9000       |
  | PR_REP     | Public Relations Representative | 4500       | 10500      |
  | ST_MAN     | Stock Manager                   | 5500       | 8500       |
  | SA_REP     | Sales Representative            | 6000       | 12008      |
  | PU_MAN     | Purchasing Manager              | 8000       | 15000      |
  | FI_MGR     | Finance Manager                 | 8200       | 16000      |
  | AC_MGR     | Accounting Manager              | 8200       | 16000      |
  | MK_MAN     | Marketing Manager               | 9000       | 15000      |
  +------------+---------------------------------+------------+------------+
  19 rows in set (0.00 sec)

  mysql> select min_salary,min(min_salary) from jobs;
  +------------+-----------------+
  | min_salary | min(min_salary) |
  +------------+-----------------+
  | 20080      | 10000           |
  +------------+-----------------+
  1 row in set (0.00 sec)

  mysql> select min_salary,count(min_salary) from jobs;
  +------------+-------------------+
  | min_salary | count(min_salary) |
  +------------+-------------------+
  | 20080      |                19 |
  +------------+-------------------+
  1 row in set (0.10 sec)

  mysql> selectc min_salary,count(min_salary) from jobs group by min_salary;
  ERROR 1064 (42000): You have an error in your SQL syntax; check the manual that corresponds to your MySQL server version for the right syntax to use near 'selectc min_salary,count(min_salary) from jobs group by min_salary' at line 1
  mysql> select min_salary,count(min_salary) from jobs group by min_salary;
  +------------+-------------------+
  | min_salary | count(min_salary) |
  +------------+-------------------+
  | 20080      |                 1 |
  | 15000      |                 1 |
  | 3000       |                 1 |
  | 8200       |                 2 |
  | 4200       |                 2 |
  | 10000      |                 1 |
  | 6000       |                 1 |
  | 8000       |                 1 |
  | 2500       |                 2 |
  | 5500       |                 1 |
  | 2008       |                 1 |
  | 4000       |                 3 |
  | 9000       |                 1 |
  | 4500       |                 1 |
  +------------+-------------------+
  14 rows in set (0.00 sec)

  mysql>

![屏幕截图(11)](C:\Users\Administrator\Pictures\Screenshots\屏幕截图(11).png)

![屏幕截图(12)](C:\Users\Administrator\Pictures\Screenshots\屏幕截图(12).png)

![屏幕截图(13)](C:\Users\Administrator\Pictures\Screenshots\屏幕截图(13).png)

![屏幕截图(14)](C:\Users\Administrator\Pictures\Screenshots\屏幕截图(14).png)